error: a bin target must be available for `cargo run`
